     1                                  bits 32 
     2                                  global start
     3                                  extern exit 
     4                                  import exit msvcrt.dll
     5                                  segment data use32 class=data
     6 00000000 0201FD00                    a db 2, 1, -3, 0
     7                                      len1 equ $-a
     8 00000004 040507060201                b db 4, 5, 7, 6, 2, 1
     9                                      len2 equ $$-b
    10                                      
    11                                  segment code use32 class=code
    12                                  start:
    13                                              ;Two byte strings A and B are given. Obtain the string R by concatenating the elements of 
    14                                              ;B in reverse order and the elements of A in reverse order.
    15                                              ;   Example:
    16                                              ;       A: 2, 1, -3, 0
    17                                              ;       B: 4, 5, 7, 6, 2, 1
    18                                              ;       R: 1, 2, 6, 7, 5, 4, 0, -3, 1, 2
    19 00000000 B004                        mov al,len1
    20 00000002 B3FC                        mov bl, len2
    21 00000004 6A00                        push dword 0 
    22 00000006 FF15[00000000]              call [exit]
