     1                                   bits 32 ;assembling for the 32 bits architecture
     2                                  global start
     3                                  
     4                                  ; we ask the assembler to give global visibility to the symbol called start 
     5                                  ;(the start label will be the entry point in the program) 
     6                                  extern exit ; we inform the assembler that the exit symbol is foreign; it exists even if we won't be defining it
     7                                  import exit msvcrt.dll  ; we specify the external library that defines the symbol
     8                                          ; msvcrt.dll contains exit, printf and all the other important C-runtime functions
     9                                  import printf msvcrt.dll
    10                                  ; our variables are declared here (the segment is called data) 6
    11                                  segment data use32 class=data
    12                                      ;a equ 9
    13                                      ;b equ 7
    14                                  ; the program code will be part of a segment called code
    15                                  segment code use32 class=code
    16                                  start:
    17                                          ;9+7
    18 00000000 66B80900                mov ax, 9;
    19 00000004 6683C007                add ax, 7
    20 00000008 FF15[00000000]          call [exit]
